ℹ [3/55] Replayed LeanBCH.Tx.Types
info: LeanBCH/Tx/Types.lean:241:0: 2
info: LeanBCH/Tx/Types.lean:242:0: 4242
info: LeanBCH/Tx/Types.lean:243:0: some 0
ℹ [6/55] Replayed LeanBCH.Number
info: LeanBCH/Number.lean:893:0: true
info: LeanBCH/Number.lean:894:0: true
info: LeanBCH/Number.lean:899:0: 10000
info: LeanBCH/Number.lean:900:0: true
info: LeanBCH/Number.lean:901:0: 10000
ℹ [22/55] Replayed LeanBCH.VM.Extended
info: LeanBCH/VM/Extended.lean:727:0: [[3, 2, 1]]
info: LeanBCH/VM/Extended.lean:732:0: [[1]]
info: LeanBCH/VM/Extended.lean:733:0: [[2]]
info: LeanBCH/VM/Extended.lean:738:0: [[32, 161, 7]]
info: LeanBCH/VM/Extended.lean:740:0: [[112, 23]]
info: LeanBCH/VM/Extended.lean:741:0: [[146, 16]]
info: LeanBCH/VM/Extended.lean:742:0: [[32, 31, 30, 29, 28, 27, 26, 25, 24, 23, 22, 21, 20, 19, 18, 17, 16, 15, 14, 13, 12, 11, 10, 9, 8, 7, 6, 5, 4, 3, 2,
  1]]
info: LeanBCH/VM/Extended.lean:743:0: [[254, 255, 255, 255, 0]]
info: LeanBCH/VM/Extended.lean:744:0: [[106, 1, 153]]
info: LeanBCH/VM/Extended.lean:745:0: some (LeanBCH.VM.Err.invalidTxIndex)
info: LeanBCH/VM/Extended.lean:814:0: [[32, 31, 30, 29, 28, 27, 26, 25, 24, 23, 22, 21, 20, 19, 18, 17, 16, 15, 14, 13, 12, 11, 10, 9, 8, 7, 6, 5, 4, 3, 2, 1,
  2]]
info: LeanBCH/VM/Extended.lean:815:0: [[202, 254]]
info: LeanBCH/VM/Extended.lean:816:0: [[100]]
info: LeanBCH/VM/Extended.lean:817:0: [[]]
info: LeanBCH/VM/Extended.lean:818:0: [[]]
info: LeanBCH/VM/Extended.lean:820:0: [[32, 31, 30, 29, 28, 27, 26, 25, 24, 23, 22, 21, 20, 19, 18, 17, 16, 15, 14, 13, 12, 11, 10, 9, 8, 7, 6, 5, 4, 3, 2, 1,
  1]]
info: LeanBCH/VM/Extended.lean:821:0: [[222, 173, 190, 239]]
info: LeanBCH/VM/Extended.lean:822:0: [[]]
info: LeanBCH/VM/Extended.lean:823:0: [[32, 31, 30, 29, 28, 27, 26, 25, 24, 23, 22, 21, 20, 19, 18, 17, 16, 15, 14, 13, 12, 11, 10, 9, 8, 7, 6, 5, 4, 3, 2,
  1]]
info: LeanBCH/VM/Extended.lean:824:0: [[]]
info: LeanBCH/VM/Extended.lean:825:0: [[42]]
info: LeanBCH/VM/Extended.lean:895:0: [[1]]
info: LeanBCH/VM/Extended.lean:938:0: [[1]]
⚠ [25/55] Replayed LeanBCH.Crypto.Native
warning: LeanBCH/Crypto/Native.lean:119:10: `String.trim` has been deprecated: Use `String.trimAscii` instead

Note: The updated constant has a different type:
  String → String.Slice
instead of
  String → String
warning: LeanBCH/Crypto/Native.lean:119:10: `String.trim` has been deprecated: Use `String.trimAscii` instead

Note: The updated constant has a different type:
  String → String.Slice
instead of
  String → String
⚠ [26/55] Replayed conformance.Runner
warning: conformance/Runner.lean:55:15: `String.trim` has been deprecated: Use `String.trimAscii` instead

Note: The updated constant has a different type:
  String → String.Slice
instead of
  String → String
warning: conformance/Runner.lean:46:56: `String.trim` has been deprecated: Use `String.trimAscii` instead

Note: The updated constant has a different type:
  String → String.Slice
instead of
  String → String
⚠ [53/55] Replayed conformance.CostProbe
warning: conformance/CostProbe.lean:67:15: `String.trim` has been deprecated: Use `String.trimAscii` instead

Note: The updated constant has a different type:
  String → String.Slice
instead of
  String → String
warning: conformance/CostProbe.lean:65:56: `String.trim` has been deprecated: Use `String.trimAscii` instead

Note: The updated constant has a different type:
  String → String.Slice
instead of
  String → String
Build completed successfully (55 jobs).
